// Jest Snapshot v1, https://goo.gl/fbAQLP

exports[`Snapshot sample 1`] = `
<button
  className="MuiButtonBase-root MuiButton-root MuiButton-outlined MuiButton-outlinedSizeSmall MuiButton-sizeSmall"
  disabled={false}
  onBlur={[Function]}
  onClick={[Function]}
  onDragLeave={[Function]}
  onFocus={[Function]}
  onKeyDown={[Function]}
  onKeyUp={[Function]}
  onMouseDown={[Function]}
  onMouseLeave={[Function]}
  onMouseUp={[Function]}
  onTouchEnd={[Function]}
  onTouchMove={[Function]}
  onTouchStart={[Function]}
  style={
    Object {
      "backgroundColor": "white",
      "borderColor": "rgba(168, 40, 40, 0.9)",
      "borderWidth": "2px",
      "color": "rgba(168, 40, 40, 0.9)",
      "textTransform": "none",
      "width": "100px",
    }
  }
  tabIndex={0}
  type="button"
>
  <span
    className="MuiButton-label"
  >
    1
    : 
    test
  </span>
</button>
`;
